
> app@1.0.0 start
> node server.js

nodError generating CV: Error: GEMINI_API_KEY is not configured in environment variables.
    at /app/server.js:33:19
    at Layer.handle [as handle_request] (/app/node_modules/express/lib/router/layer.js:95:5)
    at next (/app/node_modules/express/lib/router/route.js:149:13)
    at done (/app/node_modules/multer/lib/make-middleware.js:47:7)
    at indicateDone (/app/node_modules/multer/lib/make-middleware.js:51:68)
    at Multipart.<anonymous> (/app/node_modules/multer/lib/make-middleware.js:168:7)
    at Multipart.emit (node:events:519:28)
    at emitCloseNT (node:internal/streams/destroy:148:10)
    at process.processTicksAndRejections (node:internal/process/task_queues:89:21)
iagnostics_channel:328:14)
Emitted 'error' event on Server instance at:
    at emitErrorNT (node:net:1976:8)
    at process.processTicksAndRejections (node:internal/process/task_queues:90:21) {
  code: 'EADDRINUSE',
  errno: -98,
  syscall: 'listen',
  address: '::',
  port: 3000
}

Node.js v22.22.0
